#
# There is insufficient memory for the Java Runtime Environment to continue.
# Native memory allocation (malloc) failed to allocate 620944 bytes. Error detail: Chunk::new
# Possible reasons:
#   The system is out of physical RAM or swap space
#   This process is running with CompressedOops enabled, and the Java Heap may be blocking the growth of the native heap
# Possible solutions:
#   Reduce memory load on the system
#   Increase physical memory or swap space
#   Check if swap backing store is full
#   Decrease Java heap size (-Xmx/-Xms)
#   Decrease number of Java threads
#   Decrease Java thread stack sizes (-Xss)
#   Set larger code cache with -XX:ReservedCodeCacheSize=
#   JVM is running with Unscaled Compressed Oops mode in which the Java heap is
#     placed in the first 4GB address space. The Java Heap base address is the
#     maximum limit for the native heap growth. Please use -XX:HeapBaseMinAddress
#     to set the Java Heap base and to place the Java Heap above 4GB virtual address.
# This output file may be truncated or incomplete.
#
#  Out of Memory Error (arena.cpp:168), pid=28592, tid=18688
#
# JRE version: OpenJDK Runtime Environment Temurin-21.0.11+10 (21.0.11+10) (build 21.0.11+10-LTS)
# Java VM: OpenJDK 64-Bit Server VM Temurin-21.0.11+10 (21.0.11+10-LTS, mixed mode, sharing, tiered, compressed oops, compressed class ptrs, parallel gc, windows-amd64)
# No core dump will be written. Minidumps are not enabled by default on client versions of Windows
#

---------------  S U M M A R Y ------------

Command Line: --add-modules=ALL-SYSTEM --add-opens=java.base/java.util=ALL-UNNAMED --add-opens=java.base/java.lang=ALL-UNNAMED --add-opens=java.base/sun.nio.fs=ALL-UNNAMED -Declipse.application=org.eclipse.jdt.ls.core.id1 -Dosgi.bundles.defaultStartLevel=4 -Declipse.product=org.eclipse.jdt.ls.core.product -Djava.import.generatesMetadataFilesAtProjectRoot=false -DDetectVMInstallationsJob.disabled=true -Dfile.encoding=utf8 -XX:+UseParallelGC -XX:GCTimeRatio=4 -XX:AdaptiveSizePolicyWeight=90 -Dsun.zip.disableMemoryMapping=true -Xmx2G -Xms100m -Xlog:disable -javaagent:c:\Users\Usuario\.vscode\extensions\redhat.java-1.55.0-win32-x64\lombok\lombok-1.18.39-4050.jar -XX:+HeapDumpOnOutOfMemoryError -XX:HeapDumpPath=c:\Users\Usuario\AppData\Roaming\Code\User\workspaceStorage\dfc931075b797285e86690c02ddc1ca3\redhat.java -Daether.dependencyCollector.impl=bf c:\Users\Usuario\.vscode\extensions\redhat.java-1.55.0-win32-x64\server\plugins\org.eclipse.equinox.launcher_1.7.200.v20260619-2039.jar -configuration c:\Users\Usuario\AppData\Roaming\Code\User\globalStorage\redhat.java\1.55.0\config_win -data c:\Users\Usuario\AppData\Roaming\Code\User\workspaceStorage\dfc931075b797285e86690c02ddc1ca3\redhat.java\jdt_ws --pipe=\\.\pipe\lsp-4223098897d22a0416567ebcaa3ed823-sock

Host: AMD Ryzen 7 5700U with Radeon Graphics         , 16 cores, 5G,  Windows 11 , 64 bit Build 26100 (10.0.26100.8521)
Time: Tue Jul  7 19:04:17 2026 Hora oficial do Brasil elapsed time: 59.116337 seconds (0d 0h 0m 59s)

---------------  T H R E A D  ---------------

Current thread (0x0000021668ff2d90):  JavaThread "C2 CompilerThread0" daemon [_thread_in_native, id=18688, stack(0x000000d222600000,0x000000d222700000) (1024K)]


Current CompileTask:
C2:59117 13512       4       org.eclipse.jdt.ls.core.internal.managers.BasicFileDetector::isExcluded (107 bytes)

Stack: [0x000000d222600000,0x000000d222700000]
Native frames: (J=compiled Java code, j=interpreted, Vv=VM code, C=native code)
V  [jvm.dll+0x6d7e19]
V  [jvm.dll+0x8b5096]
V  [jvm.dll+0x8b764e]
V  [jvm.dll+0x8b7d33]
V  [jvm.dll+0x284596]
V  [jvm.dll+0xc685d]
V  [jvm.dll+0xc6da1]
V  [jvm.dll+0x3bed6b]
V  [jvm.dll+0x38b2b2]
V  [jvm.dll+0x38a6fa]
V  [jvm.dll+0x24c700]
V  [jvm.dll+0x24bce0]
V  [jvm.dll+0x1cb4ae]
V  [jvm.dll+0x25baad]
V  [jvm.dll+0x25a03a]
V  [jvm.dll+0x3f868e]
V  [jvm.dll+0x85fb0d]
V  [jvm.dll+0x6d664d]
C  [ucrtbase.dll+0x2cd30]
C  [KERNEL32.DLL+0x2e957]
C  [ntdll.dll+0x87c1c]


---------------  P R O C E S S  ---------------

Threads class SMR info:
_java_thread_list=0x0000021671cf6d90, length=95, elements={
0x000002165126e630, 0x00000216511fbc90, 0x000002165131d580, 0x000002165120cde0,
0x000002165120d580, 0x000002165120e610, 0x0000021668fe7830, 0x0000021668ff2d90,
0x0000021669014500, 0x00000216692b2640, 0x000002166f0321e0, 0x000002166f792fa0,
0x000002166f870550, 0x000002166fab99b0, 0x000002166fb86180, 0x000002166ff20be0,
0x000002167029dcb0, 0x000002166fd7def0, 0x000002166fd7ec10, 0x000002166fd7d860,
0x000002166fd7f2a0, 0x000002166fd7c4b0, 0x000002166fd7be20, 0x0000021672040e00,
0x000002167203f3c0, 0x0000021672041490, 0x000002167203ed30, 0x000002167203e010,
0x0000021672040770, 0x00000216720400e0, 0x000002167203e6a0, 0x000002167203fa50,
0x0000021672044fa0, 0x0000021672044280, 0x0000021672043560, 0x0000021672041b20,
0x0000021672043bf0, 0x0000021672044910, 0x0000021672045630, 0x0000021672042ed0,
0x00000216720421b0, 0x0000021672042840, 0x000002167226cba0, 0x000002167226be80,
0x000002167226d230, 0x000002167226e5e0, 0x000002167226df50, 0x000002167226f990,
0x000002167226c510, 0x0000021672272780, 0x0000021672270020, 0x00000216722713d0,
0x00000216722720f0, 0x0000021672270d40, 0x0000021672271a60, 0x0000021672272e10,
0x00000216722734a0, 0x00000216722706b0, 0x0000021673123670, 0x0000021673123d00,
0x0000021673120880, 0x0000021673124390, 0x0000021673122fe0, 0x00000216731215a0,
0x0000021673122950, 0x0000021673120f10, 0x0000021673121c30, 0x0000021673124a20,
0x00000216731250b0, 0x0000021673125740, 0x00000216731222c0, 0x0000021673126460,
0x0000021673126af0, 0x0000021673127180, 0x0000021673127ea0, 0x00000216730f87b0,
0x00000216730f7a90, 0x00000216730f5330, 0x00000216730f8e40, 0x00000216730f6050,
0x00000216730f94d0, 0x00000216730f9b60, 0x00000216730fa1f0, 0x00000216730f6d70,
0x00000216730faf10, 0x00000216730fa880, 0x00000216730fc2c0, 0x00000216730fc950,
0x0000021670261790, 0x00000216702624b0, 0x0000021670263ef0, 0x00000216702652a0,
0x0000021670264c10, 0x00000216692f0270, 0x0000021671068180
}

Java Threads: ( => current thread )
  0x000002165126e630 JavaThread "main"                              [_thread_blocked, id=5928, stack(0x000000d221c00000,0x000000d221d00000) (1024K)]
  0x00000216511fbc90 JavaThread "Reference Handler"          daemon [_thread_blocked, id=24752, stack(0x000000d222000000,0x000000d222100000) (1024K)]
  0x000002165131d580 JavaThread "Finalizer"                  daemon [_thread_blocked, id=26184, stack(0x000000d222100000,0x000000d222200000) (1024K)]
  0x000002165120cde0 JavaThread "Signal Dispatcher"          daemon [_thread_blocked, id=11760, stack(0x000000d222200000,0x000000d222300000) (1024K)]
  0x000002165120d580 JavaThread "Attach Listener"            daemon [_thread_blocked, id=19216, stack(0x000000d222300000,0x000000d222400000) (1024K)]
  0x000002165120e610 JavaThread "Service Thread"             daemon [_thread_blocked, id=3372, stack(0x000000d222400000,0x000000d222500000) (1024K)]
  0x0000021668fe7830 JavaThread "Monitor Deflation Thread"   daemon [_thread_blocked, id=23456, stack(0x000000d222500000,0x000000d222600000) (1024K)]
=>0x0000021668ff2d90 JavaThread "C2 CompilerThread0"         daemon [_thread_in_native, id=18688, stack(0x000000d222600000,0x000000d222700000) (1024K)]
  0x0000021669014500 JavaThread "C1 CompilerThread0"         daemon [_thread_blocked, id=27724, stack(0x000000d222700000,0x000000d222800000) (1024K)]
  0x00000216692b2640 JavaThread "Common-Cleaner"             daemon [_thread_blocked, id=16712, stack(0x000000d222b00000,0x000000d222c00000) (1024K)]
  0x000002166f0321e0 JavaThread "Notification Thread"        daemon [_thread_blocked, id=21984, stack(0x000000d222d00000,0x000000d222e00000) (1024K)]
  0x000002166f792fa0 JavaThread "Active Thread: Equinox Container: 2c05fb82-da48-41ba-b274-bccc50049273"        [_thread_blocked, id=8336, stack(0x000000d223500000,0x000000d223600000) (1024K)]
  0x000002166f870550 JavaThread "Refresh Thread: Equinox Container: 2c05fb82-da48-41ba-b274-bccc50049273" daemon [_thread_blocked, id=11360, stack(0x000000d223700000,0x000000d223800000) (1024K)]
  0x000002166fab99b0 JavaThread "Framework Event Dispatcher: Equinox Container: 2c05fb82-da48-41ba-b274-bccc50049273" daemon [_thread_blocked, id=5708, stack(0x000000d223800000,0x000000d223900000) (1024K)]
  0x000002166fb86180 JavaThread "Start Level: Equinox Container: 2c05fb82-da48-41ba-b274-bccc50049273" daemon [_thread_blocked, id=24932, stack(0x000000d223900000,0x000000d223a00000) (1024K)]
  0x000002166ff20be0 JavaThread "Bundle File Closer"         daemon [_thread_blocked, id=8908, stack(0x000000d223e00000,0x000000d223f00000) (1024K)]
  0x000002167029dcb0 JavaThread "SCR Component Actor"        daemon [_thread_blocked, id=12360, stack(0x000000d222a00000,0x000000d222b00000) (1024K)]
  0x000002166fd7def0 JavaThread "Worker-JM"                         [_thread_blocked, id=24808, stack(0x000000d222e00000,0x000000d222f00000) (1024K)]
  0x000002166fd7ec10 JavaThread "JNA Cleaner"                daemon [_thread_blocked, id=15364, stack(0x000000d224100000,0x000000d224200000) (1024K)]
  0x000002166fd7d860 JavaThread "Worker-0: Initialize Workspace"        [_thread_in_native, id=24968, stack(0x000000d224200000,0x000000d224300000) (1024K)]
  0x000002166fd7f2a0 JavaThread "Worker-1"                          [_thread_blocked, id=18904, stack(0x000000d224300000,0x000000d224400000) (1024K)]
  0x000002166fd7c4b0 JavaThread "Worker-2: Refreshing workspace"        [_thread_blocked, id=15092, stack(0x000000d224400000,0x000000d224500000) (1024K)]
  0x000002166fd7be20 JavaThread "Java indexing"              daemon [_thread_in_Java, id=16580, stack(0x000000d224600000,0x000000d224700000) (1024K)]
  0x0000021672040e00 JavaThread "Worker-3"                          [_thread_blocked, id=24796, stack(0x000000d224700000,0x000000d224800000) (1024K)]
  0x000002167203f3c0 JavaThread "Worker-4"                          [_thread_blocked, id=25072, stack(0x000000d224800000,0x000000d224900000) (1024K)]
  0x0000021672041490 JavaThread "Worker-5: Java indexing... "        [_thread_blocked, id=28244, stack(0x000000d224c00000,0x000000d224d00000) (1024K)]
  0x000002167203ed30 JavaThread "Thread-1"                   daemon [_thread_in_native, id=1568, stack(0x000000d224d00000,0x000000d224e00000) (1024K)]
  0x000002167203e010 JavaThread "Thread-2"                   daemon [_thread_in_native, id=22496, stack(0x000000d224e00000,0x000000d224f00000) (1024K)]
  0x0000021672040770 JavaThread "Thread-3"                   daemon [_thread_in_native, id=21200, stack(0x000000d224f00000,0x000000d225000000) (1024K)]
  0x00000216720400e0 JavaThread "Thread-4"                   daemon [_thread_in_native, id=28048, stack(0x000000d225000000,0x000000d225100000) (1024K)]
  0x000002167203e6a0 JavaThread "Thread-5"                   daemon [_thread_in_native, id=19656, stack(0x000000d225100000,0x000000d225200000) (1024K)]
  0x000002167203fa50 JavaThread "Thread-6"                   daemon [_thread_in_native, id=26596, stack(0x000000d225200000,0x000000d225300000) (1024K)]
  0x0000021672044fa0 JavaThread "Thread-7"                   daemon [_thread_in_native, id=15656, stack(0x000000d225300000,0x000000d225400000) (1024K)]
  0x0000021672044280 JavaThread "Thread-8"                   daemon [_thread_in_native, id=7636, stack(0x000000d225400000,0x000000d225500000) (1024K)]
  0x0000021672043560 JavaThread "Thread-9"                   daemon [_thread_in_native, id=3952, stack(0x000000d225500000,0x000000d225600000) (1024K)]
  0x0000021672041b20 JavaThread "Thread-10"                  daemon [_thread_in_native, id=18188, stack(0x000000d225600000,0x000000d225700000) (1024K)]
  0x0000021672043bf0 JavaThread "Thread-11"                  daemon [_thread_in_native, id=2380, stack(0x000000d225700000,0x000000d225800000) (1024K)]
  0x0000021672044910 JavaThread "Thread-12"                  daemon [_thread_in_native, id=9820, stack(0x000000d225800000,0x000000d225900000) (1024K)]
  0x0000021672045630 JavaThread "Thread-13"                  daemon [_thread_in_native, id=11124, stack(0x000000d225900000,0x000000d225a00000) (1024K)]
  0x0000021672042ed0 JavaThread "Thread-14"                  daemon [_thread_in_native, id=10796, stack(0x000000d225a00000,0x000000d225b00000) (1024K)]
  0x00000216720421b0 JavaThread "Thread-15"                  daemon [_thread_in_native, id=24360, stack(0x000000d225b00000,0x000000d225c00000) (1024K)]
  0x0000021672042840 JavaThread "Thread-16"                  daemon [_thread_in_native, id=12832, stack(0x000000d225c00000,0x000000d225d00000) (1024K)]
  0x000002167226cba0 JavaThread "Thread-17"                  daemon [_thread_in_native, id=10660, stack(0x000000d225d00000,0x000000d225e00000) (1024K)]
  0x000002167226be80 JavaThread "pool-2-thread-1"                   [_thread_blocked, id=22180, stack(0x000000d225e00000,0x000000d225f00000) (1024K)]
  0x000002167226d230 JavaThread "WorkspaceEventsHandler"            [_thread_blocked, id=1800, stack(0x000000d225f00000,0x000000d226000000) (1024K)]
  0x000002167226e5e0 JavaThread "pool-1-thread-1"                   [_thread_blocked, id=3492, stack(0x000000d226000000,0x000000d226100000) (1024K)]
  0x000002167226df50 JavaThread "Worker-6"                          [_thread_blocked, id=15168, stack(0x000000d226100000,0x000000d226200000) (1024K)]
  0x000002167226f990 JavaThread "LocalFile Deleter"          daemon [_thread_blocked, id=7856, stack(0x000000d226200000,0x000000d226300000) (1024K)]
  0x000002167226c510 JavaThread "LocalFile Deleter"          daemon [_thread_blocked, id=23152, stack(0x000000d226300000,0x000000d226400000) (1024K)]
  0x0000021672272780 JavaThread "LocalFile Deleter"          daemon [_thread_blocked, id=25248, stack(0x000000d226400000,0x000000d226500000) (1024K)]
  0x0000021672270020 JavaThread "LocalFile Deleter"          daemon [_thread_blocked, id=6680, stack(0x000000d226500000,0x000000d226600000) (1024K)]
  0x00000216722713d0 JavaThread "LocalFile Deleter"          daemon [_thread_blocked, id=20284, stack(0x000000d226600000,0x000000d226700000) (1024K)]
  0x00000216722720f0 JavaThread "LocalFile Deleter"          daemon [_thread_blocked, id=20508, stack(0x000000d226700000,0x000000d226800000) (1024K)]
  0x0000021672270d40 JavaThread "LocalFile Deleter"          daemon [_thread_blocked, id=6648, stack(0x000000d226800000,0x000000d226900000) (1024K)]
  0x0000021672271a60 JavaThread "LocalFile Deleter"          daemon [_thread_blocked, id=14432, stack(0x000000d226900000,0x000000d226a00000) (1024K)]
  0x0000021672272e10 JavaThread "LocalFile Deleter"          daemon [_thread_blocked, id=164, stack(0x000000d226a00000,0x000000d226b00000) (1024K)]
  0x00000216722734a0 JavaThread "LocalFile Deleter"          daemon [_thread_blocked, id=5596, stack(0x000000d226b00000,0x000000d226c00000) (1024K)]
  0x00000216722706b0 JavaThread "LocalFile Deleter"          daemon [_thread_blocked, id=24220, stack(0x000000d226c00000,0x000000d226d00000) (1024K)]
  0x0000021673123670 JavaThread "LocalFile Deleter"          daemon [_thread_blocked, id=12772, stack(0x000000d226d00000,0x000000d226e00000) (1024K)]
  0x0000021673123d00 JavaThread "LocalFile Deleter"          daemon [_thread_blocked, id=8476, stack(0x000000d226e00000,0x000000d226f00000) (1024K)]
  0x0000021673120880 JavaThread "LocalFile Deleter"          daemon [_thread_blocked, id=25252, stack(0x000000d226f00000,0x000000d227000000) (1024K)]
  0x0000021673124390 JavaThread "LocalFile Deleter"          daemon [_thread_blocked, id=3988, stack(0x000000d227000000,0x000000d227100000) (1024K)]
  0x0000021673122fe0 JavaThread "Compiler Source File Reader" daemon [_thread_blocked, id=3208, stack(0x000000d227100000,0x000000d227200000) (1024K)]
  0x00000216731215a0 JavaThread "Compiler Source File Reader" daemon [_thread_blocked, id=7248, stack(0x000000d227200000,0x000000d227300000) (1024K)]
  0x0000021673122950 JavaThread "Compiler Source File Reader" daemon [_thread_blocked, id=10900, stack(0x000000d227300000,0x000000d227400000) (1024K)]
  0x0000021673120f10 JavaThread "Compiler Source File Reader" daemon [_thread_blocked, id=11412, stack(0x000000d227400000,0x000000d227500000) (1024K)]
  0x0000021673121c30 JavaThread "Compiler Source File Reader" daemon [_thread_blocked, id=6804, stack(0x000000d227500000,0x000000d227600000) (1024K)]
  0x0000021673124a20 JavaThread "Compiler Source File Reader" daemon [_thread_blocked, id=18252, stack(0x000000d227600000,0x000000d227700000) (1024K)]
  0x00000216731250b0 JavaThread "Compiler Processing Task"   daemon [_thread_blocked, id=20412, stack(0x000000d227700000,0x000000d227800000) (1024K)]
  0x0000021673125740 JavaThread "Compiler Class File Writer" daemon [_thread_blocked, id=4736, stack(0x000000d227800000,0x000000d227900000) (1024K)]
  0x00000216731222c0 JavaThread "Compiler Class File Writer" daemon [_thread_blocked, id=23452, stack(0x000000d227900000,0x000000d227a00000) (1024K)]
  0x0000021673126460 JavaThread "Compiler Class File Writer" daemon [_thread_blocked, id=10884, stack(0x000000d227a00000,0x000000d227b00000) (1024K)]
  0x0000021673126af0 JavaThread "Compiler Class File Writer" daemon [_thread_blocked, id=20544, stack(0x000000d227b00000,0x000000d227c00000) (1024K)]
  0x0000021673127180 JavaThread "Compiler Class File Writer" daemon [_thread_blocked, id=16376, stack(0x000000d227c00000,0x000000d227d00000) (1024K)]
  0x0000021673127ea0 JavaThread "Compiler Class File Writer" daemon [_thread_blocked, id=18616, stack(0x000000d227d00000,0x000000d227e00000) (1024K)]
  0x00000216730f87b0 JavaThread "Compiler Class File Writer" daemon [_thread_blocked, id=7448, stack(0x000000d227e00000,0x000000d227f00000) (1024K)]
  0x00000216730f7a90 JavaThread "Compiler Source File Reader" daemon [_thread_blocked, id=24060, stack(0x000000d227f00000,0x000000d228000000) (1024K)]
  0x00000216730f5330 JavaThread "Compiler Source File Reader" daemon [_thread_blocked, id=8012, stack(0x000000d228000000,0x000000d228100000) (1024K)]
  0x00000216730f8e40 JavaThread "Compiler Source File Reader" daemon [_thread_blocked, id=19840, stack(0x000000d228100000,0x000000d228200000) (1024K)]
  0x00000216730f6050 JavaThread "Compiler Source File Reader" daemon [_thread_blocked, id=10328, stack(0x000000d228200000,0x000000d228300000) (1024K)]
  0x00000216730f94d0 JavaThread "Compiler Source File Reader" daemon [_thread_blocked, id=13988, stack(0x000000d228300000,0x000000d228400000) (1024K)]
  0x00000216730f9b60 JavaThread "Compiler Source File Reader" daemon [_thread_blocked, id=6888, stack(0x000000d228400000,0x000000d228500000) (1024K)]
  0x00000216730fa1f0 JavaThread "LocalFile Deleter"          daemon [_thread_blocked, id=18908, stack(0x000000d228500000,0x000000d228600000) (1024K)]
  0x00000216730f6d70 JavaThread "Compiler Source File Reader" daemon [_thread_blocked, id=7648, stack(0x000000d228600000,0x000000d228700000) (1024K)]
  0x00000216730faf10 JavaThread "Compiler Source File Reader" daemon [_thread_blocked, id=19116, stack(0x000000d228700000,0x000000d228800000) (1024K)]
  0x00000216730fa880 JavaThread "Compiler Class File Writer" daemon [_thread_blocked, id=9488, stack(0x000000d222c00000,0x000000d222d00000) (1024K)]
  0x00000216730fc2c0 JavaThread "Compiler Class File Writer" daemon [_thread_blocked, id=2304, stack(0x000000d228800000,0x000000d228900000) (1024K)]
  0x00000216730fc950 JavaThread "Compiler Class File Writer" daemon [_thread_blocked, id=19180, stack(0x000000d228900000,0x000000d228a00000) (1024K)]
  0x0000021670261790 JavaThread "Compiler Class File Writer" daemon [_thread_blocked, id=25660, stack(0x000000d228a00000,0x000000d228b00000) (1024K)]
  0x00000216702624b0 JavaThread "Compiler Class File Writer" daemon [_thread_blocked, id=11324, stack(0x000000d228b00000,0x000000d228c00000) (1024K)]
  0x0000021670263ef0 JavaThread "Compiler Class File Writer" daemon [_thread_blocked, id=25276, stack(0x000000d228c00000,0x000000d228d00000) (1024K)]
  0x00000216702652a0 JavaThread "Compiler Class File Writer" daemon [_thread_blocked, id=24240, stack(0x000000d228d00000,0x000000d228e00000) (1024K)]
  0x0000021670264c10 JavaThread "ProjectImportProgressReporter" daemon [_thread_blocked, id=21684, stack(0x000000d224000000,0x000000d224100000) (1024K)]
  0x00000216692f0270 JavaThread "C2 CompilerThread1"         daemon [_thread_in_native, id=5952, stack(0x000000d222800000,0x000000d222900000) (1024K)]
  0x0000021671068180 JavaThread "C2 CompilerThread2"         daemon [_thread_in_native, id=24876, stack(0x000000d222900000,0x000000d222a00000) (1024K)]
Total: 95

Other Threads:
  0x0000021668fe4ba0 VMThread "VM Thread"                           [id=16940, stack(0x000000d221f00000,0x000000d222000000) (1024K)]
  0x00000216510eca00 WatcherThread "VM Periodic Task Thread"        [id=18612, stack(0x000000d221e00000,0x000000d221f00000) (1024K)]
  0x0000021651286ac0 WorkerThread "GC Thread#0"                     [id=6372, stack(0x000000d221d00000,0x000000d221e00000) (1024K)]
  0x000002166f8e42a0 WorkerThread "GC Thread#1"                     [id=21932, stack(0x000000d222f00000,0x000000d223000000) (1024K)]
  0x000002166f8e3790 WorkerThread "GC Thread#2"                     [id=9352, stack(0x000000d223000000,0x000000d223100000) (1024K)]
  0x000002166f8e33e0 WorkerThread "GC Thread#3"                     [id=16276, stack(0x000000d223100000,0x000000d223200000) (1024K)]
  0x000002166f8e4650 WorkerThread "GC Thread#4"                     [id=8444, stack(0x000000d223200000,0x000000d223300000) (1024K)]
  0x000002166f8e4a00 WorkerThread "GC Thread#5"                     [id=26204, stack(0x000000d223300000,0x000000d223400000) (1024K)]
  0x000002166f8e3030 WorkerThread "GC Thread#6"                     [id=27616, stack(0x000000d223400000,0x000000d223500000) (1024K)]
  0x000002166f8e3ef0 WorkerThread "GC Thread#7"                     [id=11228, stack(0x000000d223600000,0x000000d223700000) (1024K)]
  0x000002166fed19f0 WorkerThread "GC Thread#8"                     [id=14916, stack(0x000000d223b00000,0x000000d223c00000) (1024K)]
  0x000002166fed1da0 WorkerThread "GC Thread#9"                     [id=6844, stack(0x000000d223c00000,0x000000d223d00000) (1024K)]
  0x000002166fecfc70 WorkerThread "GC Thread#10"                    [id=17140, stack(0x000000d223d00000,0x000000d223e00000) (1024K)]
  0x000002166fed0ee0 WorkerThread "GC Thread#11"                    [id=27908, stack(0x000000d223a00000,0x000000d223b00000) (1024K)]
  0x000002166fed0780 WorkerThread "GC Thread#12"                    [id=8224, stack(0x000000d223f00000,0x000000d224000000) (1024K)]
Total: 15

Threads with active compile tasks:
C2 CompilerThread0  59228 13512       4       org.eclipse.jdt.ls.core.internal.managers.BasicFileDetector::isExcluded (107 bytes)
C2 CompilerThread1  59228 13546 %     4       org.eclipse.jdt.internal.core.index.DiskIndex::computeDocumentNames @ 40 (607 bytes)
C2 CompilerThread2  59228 13498   !   4       org.eclipse.jdt.internal.core.search.indexing.BinaryIndexer::indexDocument (1172 bytes)
Total: 3

VM state: not at safepoint (normal execution)

VM Mutex/Monitor currently owned by a thread: None

Heap address: 0x0000000080000000, size: 2048 MB, Compressed Oops mode: 32-bit

CDS archive(s) mapped at: [0x0000021600000000-0x0000021600ba0000-0x0000021600ba0000), size 12189696, SharedBaseAddress: 0x0000021600000000, ArchiveRelocationMode: 1.
Compressed class space mapped at: 0x0000021601000000-0x0000021641000000, reserved size: 1073741824
Narrow klass base: 0x0000021600000000, Narrow klass shift: 0, Narrow klass range: 0x100000000

GC Precious Log:
 CardTable entry size: 512
 CPUs: 16 total, 16 available
 Memory: 5989M
 Large Page Support: Disabled
 NUMA Support: Disabled
 Compressed Oops: Enabled (32-bit)
 Alignments: Space 512K, Generation 512K, Heap 2M
 Heap Min Capacity: 100M
 Heap Initial Capacity: 100M
 Heap Max Capacity: 2G
 Pre-touch: Disabled
 Parallel Workers: 13

Heap:
 PSYoungGen      total 16384K, used 15200K [0x00000000d5580000, 0x00000000d6980000, 0x0000000100000000)
  eden space 12800K, 90% used [0x00000000d5580000,0x00000000d60d88e8,0x00000000d6200000)
  from space 3584K, 99% used [0x00000000d6280000,0x00000000d65ff878,0x00000000d6600000)
  to   space 3584K, 0% used [0x00000000d6600000,0x00000000d6600000,0x00000000d6980000)
 ParOldGen       total 379392K, used 373635K [0x0000000080000000, 0x0000000097280000, 0x00000000d5580000)
  object space 379392K, 98% used [0x0000000080000000,0x0000000096ce0f50,0x0000000097280000)
 Metaspace       used 63130K, committed 64576K, reserved 1114112K
  class space    used 6588K, committed 7232K, reserved 1048576K

Card table byte_map: [0x0000021650c00000,0x0000021651010000] _byte_map_base: 0x0000021650800000

Marking Bits: (ParMarkBitMap*) 0x00007ffe3ced4460
 Begin Bits: [0x0000021663710000, 0x0000021665710000)
 End Bits:   [0x0000021665710000, 0x0000021667710000)

Polling page: 0x000002164f060000

Metaspace:

Usage:
  Non-class:     55.22 MB used.
      Class:      6.43 MB used.
       Both:     61.65 MB used.

Virtual space:
  Non-class space:       64.00 MB reserved,      56.00 MB ( 88%) committed,  1 nodes.
      Class space:        1.00 GB reserved,       7.06 MB ( <1%) committed,  1 nodes.
             Both:        1.06 GB reserved,      63.06 MB (  6%) committed. 

Chunk freelists:
   Non-Class:  7.69 MB
       Class:  8.92 MB
        Both:  16.60 MB

MaxMetaspaceSize: unlimited
CompressedClassSpaceSize: 1.00 GB
Initial GC threshold: 21.00 MB
Current GC threshold: 103.75 MB
CDS: on
 - commit_granule_bytes: 65536.
 - commit_granule_words: 8192.
 - virtual_space_node_default_size: 8388608.
 - enlarge_chunks_in_place: 1.
 - use_allocation_guard: 0.


Internal statistics:

num_allocs_failed_limit: 13.
num_arena_births: 1242.
num_arena_deaths: 20.
num_vsnodes_births: 2.
num_vsnodes_deaths: 0.
num_space_committed: 1009.
num_space_uncommitted: 0.
num_chunks_returned_to_freelist: 36.
num_chunks_taken_from_freelist: 4344.
num_chunk_merges: 17.
num_chunk_splits: 2571.
num_chunks_enlarged: 1328.
num_inconsistent_stats: 0.

CodeHeap 'non-profiled nmethods': size=119168Kb used=6526Kb max_used=6526Kb free=112641Kb
 bounds [0x000002165c000000, 0x000002165c660000, 0x0000021663460000]
CodeHeap 'profiled nmethods': size=119104Kb used=23228Kb max_used=26089Kb free=95875Kb
 bounds [0x0000021654460000, 0x0000021655de0000, 0x000002165b8b0000]
CodeHeap 'non-nmethods': size=7488Kb used=1425Kb max_used=3182Kb free=6062Kb
 bounds [0x000002165b8b0000, 0x000002165bbd0000, 0x000002165c000000]
CodeCache: size=245760Kb, used=31179Kb, max_used=35797Kb, free=214578Kb
 total_blobs=12044, nmethods=11308, adapters=642, full_count=0
Compilation: enabled, stopped_count=0, restarted_count=0

Compilation events (20 events):
Event: 53.937 Thread 0x00000216692f0270 nmethod 13432 0x000002165c659810 code [0x000002165c6599a0, 0x000002165c659b20]
Event: 53.951 Thread 0x0000021669014500 13519       3       org.eclipse.jdt.internal.compiler.classfmt.ClassFileStruct::utf8At (171 bytes)
Event: 53.952 Thread 0x0000021669014500 nmethod 13519 0x0000021654575410 code [0x00000216545755e0, 0x0000021654575b38]
Event: 54.967 Thread 0x0000021669014500 13520       3       org.eclipse.jdt.internal.compiler.classfmt.AnnotationMethodInfo::<init> (95 bytes)
Event: 54.968 Thread 0x0000021669014500 nmethod 13520 0x00000216547c7010 code [0x00000216547c71c0, 0x00000216547c74f8]
Event: 54.973 Thread 0x00000216692f0270 13521       4       org.eclipse.jdt.internal.compiler.classfmt.ClassFileStruct::utf8At (171 bytes)
Event: 54.992 Thread 0x00000216692f0270 nmethod 13521 0x000002165c659c90 code [0x000002165c659e40, 0x000002165c65a5a0]
Event: 54.992 Thread 0x00000216692f0270 13522       4       java.util.ArrayDeque::add (7 bytes)
Event: 54.996 Thread 0x00000216692f0270 nmethod 13522 0x000002165c65a810 code [0x000002165c65a9c0, 0x000002165c65ab58]
Event: 55.005 Thread 0x00000216692f0270 13523  s    4       java.lang.Throwable::fillInStackTrace (29 bytes)
Event: 55.008 Thread 0x00000216692f0270 nmethod 13523 0x000002165c65ac90 code [0x000002165c65ae40, 0x000002165c65b140]
Event: 55.008 Thread 0x00000216692f0270 13524   !   4       sun.nio.fs.WindowsNativeDispatcher::FindNextFile (30 bytes)
Event: 55.011 Thread 0x00000216692f0270 nmethod 13524 0x000002165c65b210 code [0x000002165c65b3c0, 0x000002165c65b4f0]
Event: 56.059 Thread 0x00000216692f0270 13525       4       java.util.zip.InflaterInputStream::<init> (70 bytes)
Event: 56.065 Thread 0x00000216692f0270 nmethod 13525 0x000002165c65b690 code [0x000002165c65b840, 0x000002165c65bb58]
Event: 56.066 Thread 0x00000216692f0270 13526       4       org.eclipse.jdt.internal.compiler.util.Util::scanClassTypeSignature (109 bytes)
Event: 56.076 Thread 0x00000216692f0270 nmethod 13526 0x000002165c65bc90 code [0x000002165c65be60, 0x000002165c65c248]
Event: 56.076 Thread 0x00000216692f0270 13529   !   4       java.util.zip.Inflater::reset (64 bytes)
Event: 56.079 Thread 0x00000216692f0270 nmethod 13529 0x000002165c65c510 code [0x000002165c65c6c0, 0x000002165c65ca48]
Event: 56.079 Thread 0x00000216692f0270 13527       4       java.util.zip.ZipFile$InflaterCleanupAction::run (12 bytes)

GC Heap History (20 events):
Event: 52.921 GC heap before
{Heap before GC invocations=406 (full 4):
 PSYoungGen      total 12800K, used 12787K [0x00000000d5580000, 0x00000000d6680000, 0x0000000100000000)
  eden space 9728K, 100% used [0x00000000d5580000,0x00000000d5f00000,0x00000000d5f00000)
  from space 3072K, 99% used [0x00000000d5f00000,0x00000000d61fcc10,0x00000000d6200000)
  to   space 3584K, 0% used [0x00000000d6300000,0x00000000d6300000,0x00000000d6680000)
 ParOldGen       total 379392K, used 367217K [0x0000000080000000, 0x0000000097280000, 0x00000000d5580000)
  object space 379392K, 96% used [0x0000000080000000,0x000000009669c430,0x0000000097280000)
 Metaspace       used 63119K, committed 64576K, reserved 1114112K
  class space    used 6588K, committed 7232K, reserved 1048576K
}
Event: 52.926 GC heap after
{Heap after GC invocations=406 (full 4):
 PSYoungGen      total 12800K, used 2166K [0x00000000d5580000, 0x00000000d6580000, 0x0000000100000000)
  eden space 10240K, 0% used [0x00000000d5580000,0x00000000d5580000,0x00000000d5f80000)
  from space 2560K, 84% used [0x00000000d6300000,0x00000000d651d808,0x00000000d6580000)
  to   space 3072K, 0% used [0x00000000d5f80000,0x00000000d5f80000,0x00000000d6280000)
 ParOldGen       total 379392K, used 369055K [0x0000000080000000, 0x0000000097280000, 0x00000000d5580000)
  object space 379392K, 97% used [0x0000000080000000,0x0000000096867f40,0x0000000097280000)
 Metaspace       used 63119K, committed 64576K, reserved 1114112K
  class space    used 6588K, committed 7232K, reserved 1048576K
}
Event: 53.240 GC heap before
{Heap before GC invocations=407 (full 4):
 PSYoungGen      total 12800K, used 12406K [0x00000000d5580000, 0x00000000d6580000, 0x0000000100000000)
  eden space 10240K, 100% used [0x00000000d5580000,0x00000000d5f80000,0x00000000d5f80000)
  from space 2560K, 84% used [0x00000000d6300000,0x00000000d651d808,0x00000000d6580000)
  to   space 3072K, 0% used [0x00000000d5f80000,0x00000000d5f80000,0x00000000d6280000)
 ParOldGen       total 379392K, used 369055K [0x0000000080000000, 0x0000000097280000, 0x00000000d5580000)
  object space 379392K, 97% used [0x0000000080000000,0x0000000096867f40,0x0000000097280000)
 Metaspace       used 63122K, committed 64576K, reserved 1114112K
  class space    used 6588K, committed 7232K, reserved 1048576K
}
Event: 53.244 GC heap after
{Heap after GC invocations=407 (full 4):
 PSYoungGen      total 11264K, used 800K [0x00000000d5580000, 0x00000000d6380000, 0x0000000100000000)
  eden space 10240K, 0% used [0x00000000d5580000,0x00000000d5580000,0x00000000d5f80000)
  from space 1024K, 78% used [0x00000000d5f80000,0x00000000d6048000,0x00000000d6080000)
  to   space 1536K, 0% used [0x00000000d6200000,0x00000000d6200000,0x00000000d6380000)
 ParOldGen       total 379392K, used 369055K [0x0000000080000000, 0x0000000097280000, 0x00000000d5580000)
  object space 379392K, 97% used [0x0000000080000000,0x0000000096867f40,0x0000000097280000)
 Metaspace       used 63122K, committed 64576K, reserved 1114112K
  class space    used 6588K, committed 7232K, reserved 1048576K
}
Event: 53.489 GC heap before
{Heap before GC invocations=408 (full 4):
 PSYoungGen      total 11264K, used 11040K [0x00000000d5580000, 0x00000000d6380000, 0x0000000100000000)
  eden space 10240K, 100% used [0x00000000d5580000,0x00000000d5f80000,0x00000000d5f80000)
  from space 1024K, 78% used [0x00000000d5f80000,0x00000000d6048000,0x00000000d6080000)
  to   space 1536K, 0% used [0x00000000d6200000,0x00000000d6200000,0x00000000d6380000)
 ParOldGen       total 379392K, used 369055K [0x0000000080000000, 0x0000000097280000, 0x00000000d5580000)
  object space 379392K, 97% used [0x0000000080000000,0x0000000096867f40,0x0000000097280000)
 Metaspace       used 63128K, committed 64576K, reserved 1114112K
  class space    used 6588K, committed 7232K, reserved 1048576K
}
Event: 53.492 GC heap after
{Heap after GC invocations=408 (full 4):
 PSYoungGen      total 12288K, used 1523K [0x00000000d5580000, 0x00000000d6400000, 0x0000000100000000)
  eden space 10752K, 0% used [0x00000000d5580000,0x00000000d5580000,0x00000000d6000000)
  from space 1536K, 99% used [0x00000000d6200000,0x00000000d637ce88,0x00000000d6380000)
  to   space 2048K, 0% used [0x00000000d6000000,0x00000000d6000000,0x00000000d6200000)
 ParOldGen       total 379392K, used 369063K [0x0000000080000000, 0x0000000097280000, 0x00000000d5580000)
  object space 379392K, 97% used [0x0000000080000000,0x0000000096869f40,0x0000000097280000)
 Metaspace       used 63128K, committed 64576K, reserved 1114112K
  class space    used 6588K, committed 7232K, reserved 1048576K
}
Event: 53.586 GC heap before
{Heap before GC invocations=409 (full 4):
 PSYoungGen      total 12288K, used 12275K [0x00000000d5580000, 0x00000000d6400000, 0x0000000100000000)
  eden space 10752K, 100% used [0x00000000d5580000,0x00000000d6000000,0x00000000d6000000)
  from space 1536K, 99% used [0x00000000d6200000,0x00000000d637ce88,0x00000000d6380000)
  to   space 2048K, 0% used [0x00000000d6000000,0x00000000d6000000,0x00000000d6200000)
 ParOldGen       total 379392K, used 369063K [0x0000000080000000, 0x0000000097280000, 0x00000000d5580000)
  object space 379392K, 97% used [0x0000000080000000,0x0000000096869f40,0x0000000097280000)
 Metaspace       used 63128K, committed 64576K, reserved 1114112K
  class space    used 6588K, committed 7232K, reserved 1048576K
}
Event: 53.591 GC heap after
{Heap after GC invocations=409 (full 4):
 PSYoungGen      total 12800K, used 2025K [0x00000000d5580000, 0x00000000d6680000, 0x0000000100000000)
  eden space 10752K, 0% used [0x00000000d5580000,0x00000000d5580000,0x00000000d6000000)
  from space 2048K, 98% used [0x00000000d6000000,0x00000000d61fa690,0x00000000d6200000)
  to   space 3072K, 0% used [0x00000000d6380000,0x00000000d6380000,0x00000000d6680000)
 ParOldGen       total 379392K, used 369495K [0x0000000080000000, 0x0000000097280000, 0x00000000d5580000)
  object space 379392K, 97% used [0x0000000080000000,0x00000000968d5f40,0x0000000097280000)
 Metaspace       used 63128K, committed 64576K, reserved 1114112K
  class space    used 6588K, committed 7232K, reserved 1048576K
}
Event: 53.696 GC heap before
{Heap before GC invocations=410 (full 4):
 PSYoungGen      total 12800K, used 12777K [0x00000000d5580000, 0x00000000d6680000, 0x0000000100000000)
  eden space 10752K, 100% used [0x00000000d5580000,0x00000000d6000000,0x00000000d6000000)
  from space 2048K, 98% used [0x00000000d6000000,0x00000000d61fa690,0x00000000d6200000)
  to   space 3072K, 0% used [0x00000000d6380000,0x00000000d6380000,0x00000000d6680000)
 ParOldGen       total 379392K, used 369495K [0x0000000080000000, 0x0000000097280000, 0x00000000d5580000)
  object space 379392K, 97% used [0x0000000080000000,0x00000000968d5f40,0x0000000097280000)
 Metaspace       used 63128K, committed 64576K, reserved 1114112K
  class space    used 6588K, committed 7232K, reserved 1048576K
}
Event: 53.700 GC heap after
{Heap after GC invocations=410 (full 4):
 PSYoungGen      total 14336K, used 2825K [0x00000000d5580000, 0x00000000d6680000, 0x0000000100000000)
  eden space 11264K, 0% used [0x00000000d5580000,0x00000000d5580000,0x00000000d6080000)
  from space 3072K, 91% used [0x00000000d6380000,0x00000000d6642690,0x00000000d6680000)
  to   space 3072K, 0% used [0x00000000d6080000,0x00000000d6080000,0x00000000d6380000)
 ParOldGen       total 379392K, used 369727K [0x0000000080000000, 0x0000000097280000, 0x00000000d5580000)
  object space 379392K, 97% used [0x0000000080000000,0x000000009690ff40,0x0000000097280000)
 Metaspace       used 63128K, committed 64576K, reserved 1114112K
  class space    used 6588K, committed 7232K, reserved 1048576K
}
Event: 53.800 GC heap before
{Heap before GC invocations=411 (full 4):
 PSYoungGen      total 14336K, used 14089K [0x00000000d5580000, 0x00000000d6680000, 0x0000000100000000)
  eden space 11264K, 100% used [0x00000000d5580000,0x00000000d6080000,0x00000000d6080000)
  from space 3072K, 91% used [0x00000000d6380000,0x00000000d6642690,0x00000000d6680000)
  to   space 3072K, 0% used [0x00000000d6080000,0x00000000d6080000,0x00000000d6380000)
 ParOldGen       total 379392K, used 369727K [0x0000000080000000, 0x0000000097280000, 0x00000000d5580000)
  object space 379392K, 97% used [0x0000000080000000,0x000000009690ff40,0x0000000097280000)
 Metaspace       used 63128K, committed 64576K, reserved 1114112K
  class space    used 6588K, committed 7232K, reserved 1048576K
}
Event: 53.804 GC heap after
{Heap after GC invocations=411 (full 4):
 PSYoungGen      total 14336K, used 3071K [0x00000000d5580000, 0x00000000d6900000, 0x0000000100000000)
  eden space 11264K, 0% used [0x00000000d5580000,0x00000000d5580000,0x00000000d6080000)
  from space 3072K, 99% used [0x00000000d6080000,0x00000000d637fe90,0x00000000d6380000)
  to   space 4096K, 0% used [0x00000000d6500000,0x00000000d6500000,0x00000000d6900000)
 ParOldGen       total 379392K, used 370431K [0x0000000080000000, 0x0000000097280000, 0x00000000d5580000)
  object space 379392K, 97% used [0x0000000080000000,0x00000000969bff40,0x0000000097280000)
 Metaspace       used 63128K, committed 64576K, reserved 1114112K
  class space    used 6588K, committed 7232K, reserved 1048576K
}
Event: 53.870 GC heap before
{Heap before GC invocations=412 (full 4):
 PSYoungGen      total 14336K, used 14335K [0x00000000d5580000, 0x00000000d6900000, 0x0000000100000000)
  eden space 11264K, 100% used [0x00000000d5580000,0x00000000d6080000,0x00000000d6080000)
  from space 3072K, 99% used [0x00000000d6080000,0x00000000d637fe90,0x00000000d6380000)
  to   space 4096K, 0% used [0x00000000d6500000,0x00000000d6500000,0x00000000d6900000)
 ParOldGen       total 379392K, used 370431K [0x0000000080000000, 0x0000000097280000, 0x00000000d5580000)
  object space 379392K, 97% used [0x0000000080000000,0x00000000969bffd0,0x0000000097280000)
 Metaspace       used 63128K, committed 64576K, reserved 1114112K
  class space    used 6588K, committed 7232K, reserved 1048576K
}
Event: 53.875 GC heap after
{Heap after GC invocations=412 (full 4):
 PSYoungGen      total 14848K, used 2940K [0x00000000d5580000, 0x00000000d6800000, 0x0000000100000000)
  eden space 11776K, 0% used [0x00000000d5580000,0x00000000d5580000,0x00000000d6100000)
  from space 3072K, 95% used [0x00000000d6500000,0x00000000d67df018,0x00000000d6800000)
  to   space 3584K, 0% used [0x00000000d6100000,0x00000000d6100000,0x00000000d6480000)
 ParOldGen       total 379392K, used 371839K [0x0000000080000000, 0x0000000097280000, 0x00000000d5580000)
  object space 379392K, 98% used [0x0000000080000000,0x0000000096b1fee8,0x0000000097280000)
 Metaspace       used 63128K, committed 64576K, reserved 1114112K
  class space    used 6588K, committed 7232K, reserved 1048576K
}
Event: 53.955 GC heap before
{Heap before GC invocations=413 (full 4):
 PSYoungGen      total 14848K, used 14716K [0x00000000d5580000, 0x00000000d6800000, 0x0000000100000000)
  eden space 11776K, 100% used [0x00000000d5580000,0x00000000d6100000,0x00000000d6100000)
  from space 3072K, 95% used [0x00000000d6500000,0x00000000d67df018,0x00000000d6800000)
  to   space 3584K, 0% used [0x00000000d6100000,0x00000000d6100000,0x00000000d6480000)
 ParOldGen       total 379392K, used 371843K [0x0000000080000000, 0x0000000097280000, 0x00000000d5580000)
  object space 379392K, 98% used [0x0000000080000000,0x0000000096b20f50,0x0000000097280000)
 Metaspace       used 63130K, committed 64576K, reserved 1114112K
  class space    used 6588K, committed 7232K, reserved 1048576K
}
Event: 54.966 GC heap after
{Heap after GC invocations=413 (full 4):
 PSYoungGen      total 15360K, used 3576K [0x00000000d5580000, 0x00000000d6a80000, 0x0000000100000000)
  eden space 11776K, 0% used [0x00000000d5580000,0x00000000d5580000,0x00000000d6100000)
  from space 3584K, 99% used [0x00000000d6100000,0x00000000d647e008,0x00000000d6480000)
  to   space 4608K, 0% used [0x00000000d6600000,0x00000000d6600000,0x00000000d6a80000)
 ParOldGen       total 379392K, used 372291K [0x0000000080000000, 0x0000000097280000, 0x00000000d5580000)
  object space 379392K, 98% used [0x0000000080000000,0x0000000096b90f50,0x0000000097280000)
 Metaspace       used 63130K, committed 64576K, reserved 1114112K
  class space    used 6588K, committed 7232K, reserved 1048576K
}
Event: 55.046 GC heap before
{Heap before GC invocations=414 (full 4):
 PSYoungGen      total 15360K, used 15352K [0x00000000d5580000, 0x00000000d6a80000, 0x0000000100000000)
  eden space 11776K, 100% used [0x00000000d5580000,0x00000000d6100000,0x00000000d6100000)
  from space 3584K, 99% used [0x00000000d6100000,0x00000000d647e008,0x00000000d6480000)
  to   space 4608K, 0% used [0x00000000d6600000,0x00000000d6600000,0x00000000d6a80000)
 ParOldGen       total 379392K, used 372291K [0x0000000080000000, 0x0000000097280000, 0x00000000d5580000)
  object space 379392K, 98% used [0x0000000080000000,0x0000000096b90f50,0x0000000097280000)
 Metaspace       used 63130K, committed 64576K, reserved 1114112K
  class space    used 6588K, committed 7232K, reserved 1048576K
}
Event: 56.054 GC heap after
{Heap after GC invocations=414 (full 4):
 PSYoungGen      total 16384K, used 3256K [0x00000000d5580000, 0x00000000d6980000, 0x0000000100000000)
  eden space 12800K, 0% used [0x00000000d5580000,0x00000000d5580000,0x00000000d6200000)
  from space 3584K, 90% used [0x00000000d6600000,0x00000000d692e008,0x00000000d6980000)
  to   space 3584K, 0% used [0x00000000d6280000,0x00000000d6280000,0x00000000d6600000)
 ParOldGen       total 379392K, used 373627K [0x0000000080000000, 0x0000000097280000, 0x00000000d5580000)
  object space 379392K, 98% used [0x0000000080000000,0x0000000096cdef50,0x0000000097280000)
 Metaspace       used 63130K, committed 64576K, reserved 1114112K
  class space    used 6588K, committed 7232K, reserved 1048576K
}
Event: 56.722 GC heap before
{Heap before GC invocations=415 (full 4):
 PSYoungGen      total 16384K, used 16056K [0x00000000d5580000, 0x00000000d6980000, 0x0000000100000000)
  eden space 12800K, 100% used [0x00000000d5580000,0x00000000d6200000,0x00000000d6200000)
  from space 3584K, 90% used [0x00000000d6600000,0x00000000d692e008,0x00000000d6980000)
  to   space 3584K, 0% used [0x00000000d6280000,0x00000000d6280000,0x00000000d6600000)
 ParOldGen       total 379392K, used 373627K [0x0000000080000000, 0x0000000097280000, 0x00000000d5580000)
  object space 379392K, 98% used [0x0000000080000000,0x0000000096cdef50,0x0000000097280000)
 Metaspace       used 63130K, committed 64576K, reserved 1114112K
  class space    used 6588K, committed 7232K, reserved 1048576K
}
Event: 58.748 GC heap after
{Heap after GC invocations=415 (full 4):
 PSYoungGen      total 16384K, used 3582K [0x00000000d5580000, 0x00000000d6980000, 0x0000000100000000)
  eden space 12800K, 0% used [0x00000000d5580000,0x00000000d5580000,0x00000000d6200000)
  from space 3584K, 99% used [0x00000000d6280000,0x00000000d65ff878,0x00000000d6600000)
  to   space 3584K, 0% used [0x00000000d6600000,0x00000000d6600000,0x00000000d6980000)
 ParOldGen       total 379392K, used 373635K [0x0000000080000000, 0x0000000097280000, 0x00000000d5580000)
  object space 379392K, 98% used [0x0000000080000000,0x0000000096ce0f50,0x0000000097280000)
 Metaspace       used 63130K, committed 64576K, reserved 1114112K
  class space    used 6588K, committed 7232K, reserved 1048576K
}

Dll operation events (10 events):
Event: 0.033 Loaded shared library c:\Users\Usuario\.vscode\extensions\redhat.java-1.55.0-win32-x64\jre\21.0.11-win32-x86_64\bin\java.dll
Event: 0.153 Loaded shared library c:\Users\Usuario\.vscode\extensions\redhat.java-1.55.0-win32-x64\jre\21.0.11-win32-x86_64\bin\zip.dll
Event: 0.192 Loaded shared library C:\Users\Usuario\.vscode\extensions\redhat.java-1.55.0-win32-x64\jre\21.0.11-win32-x86_64\bin\instrument.dll
Event: 0.202 Loaded shared library C:\Users\Usuario\.vscode\extensions\redhat.java-1.55.0-win32-x64\jre\21.0.11-win32-x86_64\bin\net.dll
Event: 0.207 Loaded shared library C:\Users\Usuario\.vscode\extensions\redhat.java-1.55.0-win32-x64\jre\21.0.11-win32-x86_64\bin\nio.dll
Event: 0.213 Loaded shared library C:\Users\Usuario\.vscode\extensions\redhat.java-1.55.0-win32-x64\jre\21.0.11-win32-x86_64\bin\zip.dll
Event: 0.245 Loaded shared library C:\Users\Usuario\.vscode\extensions\redhat.java-1.55.0-win32-x64\jre\21.0.11-win32-x86_64\bin\jimage.dll
Event: 0.399 Loaded shared library c:\Users\Usuario\.vscode\extensions\redhat.java-1.55.0-win32-x64\jre\21.0.11-win32-x86_64\bin\verify.dll
Event: 2.694 Loaded shared library C:\Users\Usuario\AppData\Roaming\Code\User\globalStorage\redhat.java\1.55.0\config_win\org.eclipse.equinox.launcher\org.eclipse.equinox.launcher.win32.win32.x86_64_1.3.100.v20260613-0559\eclipse_11924.dll
Event: 7.940 Loaded shared library C:\Users\Usuario\AppData\Local\Temp\jna-1531808526\jna6843427793539234138.dll

Deoptimization events (20 events):
Event: 53.010 Thread 0x000002166fd7be20 DEOPT PACKING pc=0x0000021654678692 sp=0x000000d2246fea30
Event: 53.010 Thread 0x000002166fd7be20 DEOPT UNPACKING pc=0x000002165b904242 sp=0x000000d2246fdec0 mode 0
Event: 53.011 Thread 0x000002166fd7be20 Uncommon trap: trap_request=0xffffff45 fr.pc=0x000002165c04ebac relative=0x000000000000124c
Event: 53.011 Thread 0x000002166fd7be20 Uncommon trap: reason=unstable_if action=reinterpret pc=0x000002165c04ebac method=org.eclipse.jdt.internal.core.index.DiskIndex.writeDocumentNumbers([ILjava/io/OutputStream;)V @ 20 c2
Event: 53.011 Thread 0x000002166fd7be20 DEOPT PACKING pc=0x000002165c04ebac sp=0x000000d2246fea00
Event: 53.011 Thread 0x000002166fd7be20 DEOPT UNPACKING pc=0x000002165b903aa2 sp=0x000000d2246fea48 mode 2
Event: 53.145 Thread 0x000002166fd7be20 DEOPT PACKING pc=0x0000021655c10047 sp=0x000000d2246feb50
Event: 53.145 Thread 0x000002166fd7be20 DEOPT UNPACKING pc=0x000002165b904242 sp=0x000000d2246fe030 mode 0
Event: 53.398 Thread 0x000002166fd7be20 Uncommon trap: trap_request=0xffffff45 fr.pc=0x000002165c422990 relative=0x00000000000006b0
Event: 53.398 Thread 0x000002166fd7be20 Uncommon trap: reason=unstable_if action=reinterpret pc=0x000002165c422990 method=org.eclipse.jdt.internal.compiler.parser.Scanner.internalScanIdentifierOrKeyword(II[C)Lorg/eclipse/jdt/internal/compiler/parser/TerminalToken; @ 859 c2
Event: 53.398 Thread 0x000002166fd7be20 DEOPT PACKING pc=0x000002165c422990 sp=0x000000d2246fee10
Event: 53.398 Thread 0x000002166fd7be20 DEOPT UNPACKING pc=0x000002165b903aa2 sp=0x000000d2246feda8 mode 2
Event: 53.849 Thread 0x000002166fd7d860 Uncommon trap: trap_request=0xffffffde fr.pc=0x000002165c181030 relative=0x0000000000000430
Event: 53.849 Thread 0x000002166fd7d860 Uncommon trap: reason=class_check action=maybe_recompile pc=0x000002165c181030 method=java.util.regex.Pattern$SliceU.match(Ljava/util/regex/Matcher;ILjava/lang/CharSequence;)Z @ 95 c2
Event: 53.849 Thread 0x000002166fd7d860 DEOPT PACKING pc=0x000002165c181030 sp=0x000000d2242feeb0
Event: 53.849 Thread 0x000002166fd7d860 DEOPT UNPACKING pc=0x000002165b903aa2 sp=0x000000d2242fee38 mode 2
Event: 53.951 Thread 0x000002166fd7be20 Uncommon trap: trap_request=0xffffff45 fr.pc=0x000002165c0f40bc relative=0x000000000000027c
Event: 53.951 Thread 0x000002166fd7be20 Uncommon trap: reason=unstable_if action=reinterpret pc=0x000002165c0f40bc method=org.eclipse.jdt.internal.compiler.classfmt.ClassFileStruct.utf8At(II)[C @ 46 c2
Event: 53.951 Thread 0x000002166fd7be20 DEOPT PACKING pc=0x000002165c0f40bc sp=0x000000d2246fe920
Event: 53.951 Thread 0x000002166fd7be20 DEOPT UNPACKING pc=0x000002165b903aa2 sp=0x000000d2246fe8a0 mode 2

Classes loaded (20 events):
Event: 42.443 Loading class sun/nio/fs/WindowsFileSystem$2
Event: 42.444 Loading class java/nio/file/PathMatcher
Event: 42.445 Loading class java/nio/file/PathMatcher done
Event: 42.445 Loading class sun/nio/fs/WindowsFileSystem$2 done
Event: 42.445 Loading class sun/util/resources/cldr/TimeZoneNames
Event: 42.447 Loading class sun/util/resources/TimeZoneNamesBundle
Event: 42.448 Loading class sun/util/resources/OpenListResourceBundle
Event: 42.448 Loading class sun/util/resources/OpenListResourceBundle done
Event: 42.448 Loading class sun/util/resources/TimeZoneNamesBundle done
Event: 42.448 Loading class sun/util/resources/cldr/TimeZoneNames done
Event: 42.449 Loading class sun/util/resources/cldr/TimeZoneNames_en
Event: 42.452 Loading class sun/util/resources/cldr/TimeZoneNames_en done
Event: 42.453 Loading class sun/util/resources/cldr/TimeZoneNames_en_US
Event: 42.453 Loading class sun/util/resources/cldr/TimeZoneNames_en_US done
Event: 42.458 Loading class sun/util/cldr/CLDRBaseLocaleDataMetaInfo$TZCanonicalIDMapHolder
Event: 42.461 Loading class sun/util/cldr/CLDRBaseLocaleDataMetaInfo$TZCanonicalIDMapHolder done
Event: 42.466 Loading class sun/util/resources/TimeZoneNames
Event: 42.470 Loading class sun/util/resources/TimeZoneNames done
Event: 42.470 Loading class sun/util/resources/TimeZoneNames_en
Event: 42.471 Loading class sun/util/resources/TimeZoneNames_en done

Classes unloaded (10 events):
Event: 8.934 Thread 0x0000021668fe4ba0 Unloading class 0x00000216011ad000 'java/lang/invoke/LambdaForm$MH+0x00000216011ad000'
Event: 8.934 Thread 0x0000021668fe4ba0 Unloading class 0x00000216011acc00 'java/lang/invoke/LambdaForm$MH+0x00000216011acc00'
Event: 8.934 Thread 0x0000021668fe4ba0 Unloading class 0x00000216011ac800 'java/lang/invoke/LambdaForm$MH+0x00000216011ac800'
Event: 8.934 Thread 0x0000021668fe4ba0 Unloading class 0x00000216011ac400 'java/lang/invoke/LambdaForm$MH+0x00000216011ac400'
Event: 8.934 Thread 0x0000021668fe4ba0 Unloading class 0x00000216011ac000 'java/lang/invoke/LambdaForm$BMH+0x00000216011ac000'
Event: 8.934 Thread 0x0000021668fe4ba0 Unloading class 0x00000216011abc00 'java/lang/invoke/LambdaForm$DMH+0x00000216011abc00'
Event: 8.934 Thread 0x0000021668fe4ba0 Unloading class 0x00000216011aa800 'java/lang/invoke/LambdaForm$DMH+0x00000216011aa800'
Event: 37.673 Thread 0x0000021668fe4ba0 Unloading class 0x00000216016c8000 'java/lang/invoke/LambdaForm$DMH+0x00000216016c8000'
Event: 37.673 Thread 0x0000021668fe4ba0 Unloading class 0x00000216016c4c00 'java/lang/invoke/LambdaForm$DMH+0x00000216016c4c00'
Event: 37.673 Thread 0x0000021668fe4ba0 Unloading class 0x00000216016c4800 'java/lang/invoke/LambdaForm$DMH+0x00000216016c4800'

Classes redefined (0 events):
No events

Internal exceptions (20 events):
Event: 56.216 Thread 0x000002166fd7d860 Exception <a 'sun/nio/fs/WindowsException'{0x00000000d5be6e08}> (0x00000000d5be6e08) 
thrown [s\src\hotspot\share\prims\jni.cpp, line 520]
Event: 56.217 Thread 0x000002166fd7d860 Exception <a 'sun/nio/fs/WindowsException'{0x00000000d5beb498}> (0x00000000d5beb498) 
thrown [s\src\hotspot\share\prims\jni.cpp, line 520]
Event: 56.218 Thread 0x000002166fd7d860 Exception <a 'sun/nio/fs/WindowsException'{0x00000000d5befa60}> (0x00000000d5befa60) 
thrown [s\src\hotspot\share\prims\jni.cpp, line 520]
Event: 56.219 Thread 0x000002166fd7d860 Exception <a 'sun/nio/fs/WindowsException'{0x00000000d5bf4ac8}> (0x00000000d5bf4ac8) 
thrown [s\src\hotspot\share\prims\jni.cpp, line 520]
Event: 56.220 Thread 0x000002166fd7d860 Exception <a 'sun/nio/fs/WindowsException'{0x00000000d5bf90f0}> (0x00000000d5bf90f0) 
thrown [s\src\hotspot\share\prims\jni.cpp, line 520]
Event: 56.221 Thread 0x000002166fd7d860 Exception <a 'sun/nio/fs/WindowsException'{0x00000000d5bfda50}> (0x00000000d5bfda50) 
thrown [s\src\hotspot\share\prims\jni.cpp, line 520]
Event: 56.222 Thread 0x000002166fd7d860 Exception <a 'sun/nio/fs/WindowsException'{0x00000000d5c02068}> (0x00000000d5c02068) 
thrown [s\src\hotspot\share\prims\jni.cpp, line 520]
Event: 56.224 Thread 0x000002166fd7d860 Exception <a 'sun/nio/fs/WindowsException'{0x00000000d5c07688}> (0x00000000d5c07688) 
thrown [s\src\hotspot\share\prims\jni.cpp, line 520]
Event: 56.225 Thread 0x000002166fd7d860 Exception <a 'sun/nio/fs/WindowsException'{0x00000000d5c0b8b0}> (0x00000000d5c0b8b0) 
thrown [s\src\hotspot\share\prims\jni.cpp, line 520]
Event: 56.226 Thread 0x000002166fd7d860 Exception <a 'sun/nio/fs/WindowsException'{0x00000000d5c0fd10}> (0x00000000d5c0fd10) 
thrown [s\src\hotspot\share\prims\jni.cpp, line 520]
Event: 56.227 Thread 0x000002166fd7d860 Exception <a 'sun/nio/fs/WindowsException'{0x00000000d5c14220}> (0x00000000d5c14220) 
thrown [s\src\hotspot\share\prims\jni.cpp, line 520]
Event: 56.228 Thread 0x000002166fd7d860 Exception <a 'sun/nio/fs/WindowsException'{0x00000000d5c18f88}> (0x00000000d5c18f88) 
thrown [s\src\hotspot\share\prims\jni.cpp, line 520]
Event: 56.229 Thread 0x000002166fd7d860 Exception <a 'sun/nio/fs/WindowsException'{0x00000000d5c1cc70}> (0x00000000d5c1cc70) 
thrown [s\src\hotspot\share\prims\jni.cpp, line 520]
Event: 56.230 Thread 0x000002166fd7d860 Exception <a 'sun/nio/fs/WindowsException'{0x00000000d5c25638}> (0x00000000d5c25638) 
thrown [s\src\hotspot\share\prims\jni.cpp, line 520]
Event: 56.231 Thread 0x000002166fd7d860 Exception <a 'sun/nio/fs/WindowsException'{0x00000000d5c29870}> (0x00000000d5c29870) 
thrown [s\src\hotspot\share\prims\jni.cpp, line 520]
Event: 56.232 Thread 0x000002166fd7d860 Exception <a 'sun/nio/fs/WindowsException'{0x00000000d5c2df68}> (0x00000000d5c2df68) 
thrown [s\src\hotspot\share\prims\jni.cpp, line 520]
Event: 56.233 Thread 0x000002166fd7d860 Exception <a 'sun/nio/fs/WindowsException'{0x00000000d5c32900}> (0x00000000d5c32900) 
thrown [s\src\hotspot\share\prims\jni.cpp, line 520]
Event: 56.233 Thread 0x000002166fd7d860 Exception <a 'sun/nio/fs/WindowsException'{0x00000000d5c36360}> (0x00000000d5c36360) 
thrown [s\src\hotspot\share\prims\jni.cpp, line 520]
Event: 56.234 Thread 0x000002166fd7d860 Exception <a 'sun/nio/fs/WindowsException'{0x00000000d5c3b330}> (0x00000000d5c3b330) 
thrown [s\src\hotspot\share\prims\jni.cpp, line 520]
Event: 56.235 Thread 0x000002166fd7d860 Exception <a 'sun/nio/fs/WindowsException'{0x00000000d5c40730}> (0x00000000d5c40730) 
thrown [s\src\hotspot\share\prims\jni.cpp, line 520]

ZGC Phase Switch (0 events):
No events

VM Operations (20 events):
Event: 53.240 Executing safepoint VM operation: ParallelGCFailedAllocation (Allocation Failure)
Event: 53.244 Executing safepoint VM operation: ParallelGCFailedAllocation (Allocation Failure) done
Event: 53.489 Executing safepoint VM operation: ParallelGCFailedAllocation (Allocation Failure)
Event: 53.493 Executing safepoint VM operation: ParallelGCFailedAllocation (Allocation Failure) done
Event: 53.586 Executing safepoint VM operation: ParallelGCFailedAllocation (Allocation Failure)
Event: 53.591 Executing safepoint VM operation: ParallelGCFailedAllocation (Allocation Failure) done
Event: 53.696 Executing safepoint VM operation: ParallelGCFailedAllocation (Allocation Failure)
Event: 53.701 Executing safepoint VM operation: ParallelGCFailedAllocation (Allocation Failure) done
Event: 53.800 Executing safepoint VM operation: ParallelGCFailedAllocation (Allocation Failure)
Event: 53.804 Executing safepoint VM operation: ParallelGCFailedAllocation (Allocation Failure) done
Event: 53.869 Executing safepoint VM operation: ParallelGCFailedAllocation (Allocation Failure)
Event: 53.870 Executing safepoint VM operation: ParallelGCFailedAllocation (Allocation Failure) done
Event: 53.870 Executing safepoint VM operation: ParallelGCSystemGC (GCLocker Initiated GC)
Event: 53.875 Executing safepoint VM operation: ParallelGCSystemGC (GCLocker Initiated GC) done
Event: 53.955 Executing safepoint VM operation: ParallelGCFailedAllocation (Allocation Failure)
Event: 54.966 Executing safepoint VM operation: ParallelGCFailedAllocation (Allocation Failure) done
Event: 55.046 Executing safepoint VM operation: ParallelGCFailedAllocation (Allocation Failure)
Event: 56.054 Executing safepoint VM operation: ParallelGCFailedAllocation (Allocation Failure) done
Event: 56.722 Executing safepoint VM operation: ParallelGCFailedAllocation (Allocation Failure)
Event: 58.748 Executing safepoint VM operation: ParallelGCFailedAllocation (Allocation Failure) done

Memory protections (0 events):
No events

Nmethod flushes (20 events):
Event: 37.923 Thread 0x0000021668fe4ba0 flushing  nmethod 0x00000216557b8510
Event: 37.923 Thread 0x0000021668fe4ba0 flushing  nmethod 0x00000216557b8c90
Event: 37.923 Thread 0x0000021668fe4ba0 flushing  nmethod 0x00000216557b9b10
Event: 37.923 Thread 0x0000021668fe4ba0 flushing  nmethod 0x00000216557bcf90
Event: 37.923 Thread 0x0000021668fe4ba0 flushing  nmethod 0x00000216557be190
Event: 37.923 Thread 0x0000021668fe4ba0 flushing  nmethod 0x00000216557c0190
Event: 37.923 Thread 0x0000021668fe4ba0 flushing  nmethod 0x00000216557ca810
Event: 37.923 Thread 0x0000021668fe4ba0 flushing  nmethod 0x00000216557cae10
Event: 37.923 Thread 0x0000021668fe4ba0 flushing  nmethod 0x00000216557cbb90
Event: 37.923 Thread 0x0000021668fe4ba0 flushing  nmethod 0x00000216557ccf10
Event: 37.923 Thread 0x0000021668fe4ba0 flushing  nmethod 0x00000216557cda10
Event: 37.923 Thread 0x0000021668fe4ba0 flushing  nmethod 0x00000216557ce490
Event: 37.923 Thread 0x0000021668fe4ba0 flushing  nmethod 0x00000216557d2810
Event: 37.923 Thread 0x0000021668fe4ba0 flushing  nmethod 0x00000216557d5910
Event: 37.923 Thread 0x0000021668fe4ba0 flushing osr nmethod 0x00000216557da490
Event: 37.923 Thread 0x0000021668fe4ba0 flushing  nmethod 0x00000216557dfa10
Event: 37.923 Thread 0x0000021668fe4ba0 flushing  nmethod 0x00000216557e4d10
Event: 37.923 Thread 0x0000021668fe4ba0 flushing  nmethod 0x00000216557ec610
Event: 37.923 Thread 0x0000021668fe4ba0 flushing  nmethod 0x00000216558eab90
Event: 37.923 Thread 0x0000021668fe4ba0 flushing  nmethod 0x00000216558f1410

Events (20 events):
Event: 28.764 Thread 0x0000021672040e00 Thread added: 0x00000216730fc950
Event: 28.839 Thread 0x0000021672040e00 Thread added: 0x0000021670261790
Event: 28.847 Thread 0x0000021672040e00 Thread added: 0x00000216702624b0
Event: 28.946 Thread 0x0000021672040e00 Thread added: 0x0000021670263ef0
Event: 30.040 Thread 0x0000021672040e00 Thread added: 0x00000216702652a0
Event: 31.312 Thread 0x000002166910c580 Thread added: 0x00000216692f0270
Event: 31.739 Thread 0x0000021670231180 Thread exited: 0x0000021670231180
Event: 31.739 Thread 0x000002166fbb2760 Thread exited: 0x000002166fbb2760
Event: 31.901 Thread 0x00000216692f0270 Thread exited: 0x00000216692f0270
Event: 42.159 Thread 0x000002166910c580 Thread exited: 0x000002166910c580
Event: 42.159 Thread 0x000002166910b2a0 Thread exited: 0x000002166910b2a0
Event: 42.166 Thread 0x0000021669014500 Thread added: 0x000002166910c580
Event: 42.172 Thread 0x000002166910c580 Thread added: 0x00000216692f0270
Event: 42.305 Thread 0x000002166fd7d860 Thread added: 0x0000021670264c10
Event: 43.035 Thread 0x00000216692f0270 Thread exited: 0x00000216692f0270
Event: 43.220 Thread 0x000002166910c580 Thread added: 0x00000216692f0270
Event: 43.823 Thread 0x000002166910c580 Thread exited: 0x000002166910c580
Event: 44.131 Thread 0x00000216692f0270 Thread exited: 0x00000216692f0270
Event: 51.412 Thread 0x0000021669014500 Thread added: 0x00000216692f0270
Event: 52.598 Thread 0x00000216692f0270 Thread added: 0x0000021671068180


Dynamic libraries:
0x00007ff6ca730000 - 0x00007ff6ca73e000 	c:\Users\Usuario\.vscode\extensions\redhat.java-1.55.0-win32-x64\jre\21.0.11-win32-x86_64\bin\java.exe
0x00007ffef7520000 - 0x00007ffef7786000 	C:\WINDOWS\SYSTEM32\ntdll.dll
0x00007ffef6480000 - 0x00007ffef6549000 	C:\WINDOWS\System32\KERNEL32.DLL
0x00007ffef4dd0000 - 0x00007ffef51ca000 	C:\WINDOWS\System32\KERNELBASE.dll
0x00007ffef1780000 - 0x00007ffef1820000 	C:\WINDOWS\SYSTEM32\apphelp.dll
0x00007ffef47b0000 - 0x00007ffef48fc000 	C:\WINDOWS\System32\ucrtbase.dll
0x00007ffecc410000 - 0x00007ffecc42e000 	c:\Users\Usuario\.vscode\extensions\redhat.java-1.55.0-win32-x64\jre\21.0.11-win32-x86_64\bin\VCRUNTIME140.dll
0x00007ffe9f000000 - 0x00007ffe9f018000 	c:\Users\Usuario\.vscode\extensions\redhat.java-1.55.0-win32-x64\jre\21.0.11-win32-x86_64\bin\jli.dll
0x00007ffef58b0000 - 0x00007ffef5a77000 	C:\WINDOWS\System32\USER32.dll
0x00007ffedf6c0000 - 0x00007ffedf952000 	C:\WINDOWS\WinSxS\amd64_microsoft.windows.common-controls_6595b64144ccf1df_6.0.26100.8521_none_3e08b75ce33403b3\COMCTL32.dll
0x00007ffef4900000 - 0x00007ffef4927000 	C:\WINDOWS\System32\win32u.dll
0x00007ffef6ab0000 - 0x00007ffef6b59000 	C:\WINDOWS\System32\msvcrt.dll
0x00007ffef6b60000 - 0x00007ffef6b8b000 	C:\WINDOWS\System32\GDI32.dll
0x00007ffef4bf0000 - 0x00007ffef4d1b000 	C:\WINDOWS\System32\gdi32full.dll
0x00007ffef4930000 - 0x00007ffef49d3000 	C:\WINDOWS\System32\msvcp_win.dll
0x00007ffef68e0000 - 0x00007ffef6912000 	C:\WINDOWS\System32\IMM32.DLL
0x00007ffed31d0000 - 0x00007ffed31dc000 	c:\Users\Usuario\.vscode\extensions\redhat.java-1.55.0-win32-x64\jre\21.0.11-win32-x86_64\bin\vcruntime140_1.dll
0x00007ffe7ba60000 - 0x00007ffe7baed000 	c:\Users\Usuario\.vscode\extensions\redhat.java-1.55.0-win32-x64\jre\21.0.11-win32-x86_64\bin\msvcp140.dll
0x00007ffe3c210000 - 0x00007ffe3cfb2000 	c:\Users\Usuario\.vscode\extensions\redhat.java-1.55.0-win32-x64\jre\21.0.11-win32-x86_64\bin\server\jvm.dll
0x00007ffef6820000 - 0x00007ffef68d6000 	C:\WINDOWS\System32\ADVAPI32.dll
0x00007ffef6770000 - 0x00007ffef681a000 	C:\WINDOWS\System32\sechost.dll
0x00007ffef6b90000 - 0x00007ffef6ca8000 	C:\WINDOWS\System32\RPCRT4.dll
0x00007ffef5490000 - 0x00007ffef5510000 	C:\WINDOWS\System32\WS2_32.dll
0x00007ffef4610000 - 0x00007ffef466e000 	C:\WINDOWS\SYSTEM32\POWRPROF.dll
0x00007ffeebb80000 - 0x00007ffeebbb6000 	C:\WINDOWS\SYSTEM32\WINMM.dll
0x00007ffeecd00000 - 0x00007ffeecd0b000 	C:\WINDOWS\SYSTEM32\VERSION.dll
0x00007ffef45f0000 - 0x00007ffef4604000 	C:\WINDOWS\SYSTEM32\UMPDC.dll
0x00007ffef3500000 - 0x00007ffef351b000 	C:\WINDOWS\SYSTEM32\kernel.appcore.dll
0x00007ffea0630000 - 0x00007ffea063a000 	c:\Users\Usuario\.vscode\extensions\redhat.java-1.55.0-win32-x64\jre\21.0.11-win32-x86_64\bin\jimage.dll
0x00007ffee7a00000 - 0x00007ffee7c42000 	C:\WINDOWS\SYSTEM32\DBGHELP.DLL
0x00007ffef6cb0000 - 0x00007ffef7033000 	C:\WINDOWS\System32\combase.dll
0x00007ffef5560000 - 0x00007ffef5639000 	C:\WINDOWS\System32\OLEAUT32.dll
0x00007ffee0960000 - 0x00007ffee099b000 	C:\WINDOWS\SYSTEM32\dbgcore.DLL
0x00007ffef4d20000 - 0x00007ffef4dc8000 	C:\WINDOWS\System32\bcryptPrimitives.dll
0x00007ffeebed0000 - 0x00007ffeebedf000 	c:\Users\Usuario\.vscode\extensions\redhat.java-1.55.0-win32-x64\jre\21.0.11-win32-x86_64\bin\instrument.dll
0x00007ffe9ed40000 - 0x00007ffe9ed60000 	c:\Users\Usuario\.vscode\extensions\redhat.java-1.55.0-win32-x64\jre\21.0.11-win32-x86_64\bin\java.dll
0x00007ffef5cf0000 - 0x00007ffef6474000 	C:\WINDOWS\System32\SHELL32.dll
0x00007ffef2350000 - 0x00007ffef2bd0000 	C:\WINDOWS\SYSTEM32\windows.storage.dll
0x00007ffef5af0000 - 0x00007ffef5be6000 	C:\WINDOWS\System32\SHCORE.dll
0x00007ffef5a80000 - 0x00007ffef5ae7000 	C:\WINDOWS\System32\shlwapi.dll
0x00007ffef46d0000 - 0x00007ffef46f9000 	C:\WINDOWS\SYSTEM32\profapi.dll
0x00007ffe9e760000 - 0x00007ffe9e778000 	c:\Users\Usuario\.vscode\extensions\redhat.java-1.55.0-win32-x64\jre\21.0.11-win32-x86_64\bin\zip.dll
0x00007ffee8140000 - 0x00007ffee8150000 	C:\Users\Usuario\.vscode\extensions\redhat.java-1.55.0-win32-x64\jre\21.0.11-win32-x86_64\bin\net.dll
0x00007ffeec660000 - 0x00007ffeec789000 	C:\WINDOWS\SYSTEM32\WINHTTP.dll
0x00007ffef3a50000 - 0x00007ffef3abc000 	C:\WINDOWS\system32\mswsock.dll
0x00007ffee8120000 - 0x00007ffee8136000 	C:\Users\Usuario\.vscode\extensions\redhat.java-1.55.0-win32-x64\jre\21.0.11-win32-x86_64\bin\nio.dll
0x00007ffee52c0000 - 0x00007ffee52d0000 	c:\Users\Usuario\.vscode\extensions\redhat.java-1.55.0-win32-x64\jre\21.0.11-win32-x86_64\bin\verify.dll
0x00007ffeda530000 - 0x00007ffeda575000 	C:\Users\Usuario\AppData\Roaming\Code\User\globalStorage\redhat.java\1.55.0\config_win\org.eclipse.equinox.launcher\org.eclipse.equinox.launcher.win32.win32.x86_64_1.3.100.v20260613-0559\eclipse_11924.dll
0x00007ffef6550000 - 0x00007ffef66e8000 	C:\WINDOWS\System32\ole32.dll
0x00007ffef3e50000 - 0x00007ffef3e6b000 	C:\WINDOWS\SYSTEM32\CRYPTSP.dll
0x00007ffef3460000 - 0x00007ffef3499000 	C:\WINDOWS\system32\rsaenh.dll
0x00007ffef3b00000 - 0x00007ffef3b33000 	C:\WINDOWS\SYSTEM32\USERENV.dll
0x00007ffef46a0000 - 0x00007ffef46ca000 	C:\WINDOWS\SYSTEM32\bcrypt.dll
0x00007ffef3cb0000 - 0x00007ffef3cbc000 	C:\WINDOWS\SYSTEM32\CRYPTBASE.dll
0x00007ffef2ee0000 - 0x00007ffef2f13000 	C:\WINDOWS\SYSTEM32\IPHLPAPI.DLL
0x00007ffef5bf0000 - 0x00007ffef5bfa000 	C:\WINDOWS\System32\NSI.dll
0x00007ffed3220000 - 0x00007ffed3269000 	C:\Users\Usuario\AppData\Local\Temp\jna-1531808526\jna6843427793539234138.dll
0x00007ffef74d0000 - 0x00007ffef74d8000 	C:\WINDOWS\System32\PSAPI.DLL
0x00007ffeecd10000 - 0x00007ffeecd2d000 	C:\WINDOWS\SYSTEM32\dhcpcsvc6.DLL
0x00007ffeec430000 - 0x00007ffeec455000 	C:\WINDOWS\SYSTEM32\dhcpcsvc.DLL
0x00007ffef3620000 - 0x00007ffef3656000 	C:\WINDOWS\SYSTEM32\ntmarta.dll

JVMTI agents:
c:\Users\Usuario\.vscode\extensions\redhat.java-1.55.0-win32-x64\lombok\lombok-1.18.39-4050.jar path:c:\Users\Usuario\.vscode\extensions\redhat.java-1.55.0-win32-x64\jre\21.0.11-win32-x86_64\bin\instrument.dll, loaded, initialized, instrumentlib options:none

dbghelp: loaded successfully - version: 4.0.5 - missing functions: none
symbol engine: initialized successfully - sym options: 0x614 - pdb path: .;c:\Users\Usuario\.vscode\extensions\redhat.java-1.55.0-win32-x64\jre\21.0.11-win32-x86_64\bin;C:\WINDOWS\SYSTEM32;C:\WINDOWS\WinSxS\amd64_microsoft.windows.common-controls_6595b64144ccf1df_6.0.26100.8521_none_3e08b75ce33403b3;c:\Users\Usuario\.vscode\extensions\redhat.java-1.55.0-win32-x64\jre\21.0.11-win32-x86_64\bin\server;C:\Users\Usuario\AppData\Roaming\Code\User\globalStorage\redhat.java\1.55.0\config_win\org.eclipse.equinox.launcher\org.eclipse.equinox.launcher.win32.win32.x86_64_1.3.100.v20260613-0559;C:\Users\Usuario\AppData\Local\Temp\jna-1531808526

VM Arguments:
jvm_args: --add-modules=ALL-SYSTEM --add-opens=java.base/java.util=ALL-UNNAMED --add-opens=java.base/java.lang=ALL-UNNAMED --add-opens=java.base/sun.nio.fs=ALL-UNNAMED -Declipse.application=org.eclipse.jdt.ls.core.id1 -Dosgi.bundles.defaultStartLevel=4 -Declipse.product=org.eclipse.jdt.ls.core.product -Djava.import.generatesMetadataFilesAtProjectRoot=false -DDetectVMInstallationsJob.disabled=true -Dfile.encoding=utf8 -XX:+UseParallelGC -XX:GCTimeRatio=4 -XX:AdaptiveSizePolicyWeight=90 -Dsun.zip.disableMemoryMapping=true -Xmx2G -Xms100m -Xlog:disable -javaagent:c:\Users\Usuario\.vscode\extensions\redhat.java-1.55.0-win32-x64\lombok\lombok-1.18.39-4050.jar -XX:+HeapDumpOnOutOfMemoryError -XX:HeapDumpPath=c:\Users\Usuario\AppData\Roaming\Code\User\workspaceStorage\dfc931075b797285e86690c02ddc1ca3\redhat.java -Daether.dependencyCollector.impl=bf 
java_command: c:\Users\Usuario\.vscode\extensions\redhat.java-1.55.0-win32-x64\server\plugins\org.eclipse.equinox.launcher_1.7.200.v20260619-2039.jar -configuration c:\Users\Usuario\AppData\Roaming\Code\User\globalStorage\redhat.java\1.55.0\config_win -data c:\Users\Usuario\AppData\Roaming\Code\User\workspaceStorage\dfc931075b797285e86690c02ddc1ca3\redhat.java\jdt_ws --pipe=\\.\pipe\lsp-4223098897d22a0416567ebcaa3ed823-sock
java_class_path (initial): c:\Users\Usuario\.vscode\extensions\redhat.java-1.55.0-win32-x64\server\plugins\org.eclipse.equinox.launcher_1.7.200.v20260619-2039.jar
Launcher Type: SUN_STANDARD

[Global flags]
    uintx AdaptiveSizePolicyWeight                 = 90                                        {product} {command line}
     intx CICompilerCount                          = 12                                        {product} {ergonomic}
    uintx GCTimeRatio                              = 4                                         {product} {command line}
     bool HeapDumpOnOutOfMemoryError               = true                                   {manageable} {command line}
    ccstr HeapDumpPath                             = c:\Users\Usuario\AppData\Roaming\Code\User\workspaceStorage\dfc931075b797285e86690c02ddc1ca3\redhat.java         {manageable} {command line}
   size_t InitialHeapSize                          = 104857600                                 {product} {command line}
   size_t MaxHeapSize                              = 2147483648                                {product} {command line}
   size_t MaxNewSize                               = 715653120                                 {product} {ergonomic}
   size_t MinHeapDeltaBytes                        = 524288                                    {product} {ergonomic}
   size_t MinHeapSize                              = 104857600                                 {product} {command line}
   size_t NewSize                                  = 34603008                                  {product} {ergonomic}
    uintx NonNMethodCodeHeapSize                   = 7602480                                {pd product} {ergonomic}
    uintx NonProfiledCodeHeapSize                  = 122027880                              {pd product} {ergonomic}
   size_t OldSize                                  = 70254592                                  {product} {ergonomic}
    uintx ProfiledCodeHeapSize                     = 122027880                              {pd product} {ergonomic}
    uintx ReservedCodeCacheSize                    = 251658240                              {pd product} {ergonomic}
     bool SegmentedCodeCache                       = true                                      {product} {ergonomic}
   size_t SoftMaxHeapSize                          = 2147483648                             {manageable} {ergonomic}
     bool UseCompressedOops                        = true                           {product lp64_product} {ergonomic}
     bool UseLargePagesIndividualAllocation        = false                                  {pd product} {ergonomic}
     bool UseParallelGC                            = true                                      {product} {command line}

Logging:
Log output configuration:
 #0: stdout all=off uptime,level,tags foldmultilines=false
 #1: stderr all=off uptime,level,tags foldmultilines=false

Release file:
JAVA_VERSION="21.0.11" 
MODULES="java.base java.compiler java.datatransfer java.xml java.prefs java.desktop java.instrument java.logging java.management java.security.sasl java.naming java.rmi java.management.rmi java.net.http java.scripting java.security.jgss java.transaction.xa java.sql java.sql.rowset java.xml.crypto java.se java.smartcardio jdk.accessibility jdk.internal.jvmstat jdk.attach jdk.charsets jdk.internal.opt jdk.zipfs jdk.compiler jdk.crypto.ec jdk.crypto.cryptoki jdk.crypto.mscapi jdk.dynalink jdk.internal.ed jdk.editpad jdk.hotspot.agent jdk.httpserver jdk.internal.le jdk.internal.vm.ci jdk.internal.vm.compiler jdk.internal.vm.compiler.management jdk.jartool jdk.javadoc jdk.jcmd jdk.management jdk.management.agent jdk.jconsole jdk.jdeps jdk.jdwp.agent jdk.jdi jdk.jfr jdk.jshell jdk.jsobject jdk.jstatd jdk.localedata jdk.management.jfr jdk.naming.dns jdk.naming.rmi jdk.net jdk.nio.mapmode jdk.random jdk.sctp jdk.security.auth jdk.security.jgss jdk.unsupported jdk.unsupported.desktop jdk.xml.dom" 

Environment Variables:
PATH=C:\Program Files\Common Files\Oracle\Java\javapath;C:\WINDOWS\system32;C:\WINDOWS;C:\WINDOWS\System32\Wbem;C:\WINDOWS\System32\WindowsPowerShell\v1.0\;C:\WINDOWS\System32\OpenSSH\;C:\Program Files\nodejs\;C:\Program Files\Git\cmd;C:\Program Files\dotnet\;C:\Users\Usuario\AppData\Local\Microsoft\WindowsApps;C:\Users\Usuario\AppData\Local\Programs\Microsoft VS Code\bin;C:\Users\Usuario\AppData\Local\GitHubDesktop\bin;C:\Users\Usuario\AppData\Roaming\npm
USERNAME=Usuario
OS=Windows_NT
PROCESSOR_IDENTIFIER=AMD64 Family 23 Model 104 Stepping 1, AuthenticAMD
TMP=C:\Users\Usuario\AppData\Local\Temp
TEMP=C:\Users\Usuario\AppData\Local\Temp




Periodic native trim disabled

---------------  S Y S T E M  ---------------

OS:
 Windows 11 , 64 bit Build 26100 (10.0.26100.8521)
OS uptime: 6 days 21:39 hours
Hyper-V role detected

CPU: total 16 (initial active 16) (16 cores per cpu, 2 threads per core) family 23 model 104 stepping 1 microcode 0x8608103, cx8, cmov, fxsr, ht, mmx, 3dnowpref, sse, sse2, sse3, ssse3, sse4a, sse4.1, sse4.2, popcnt, lzcnt, tsc, tscinvbit, avx, avx2, aes, clmul, bmi1, bmi2, adx, sha, fma, vzeroupper, clflush, clflushopt, hv, rdtscp, rdpid, f16c
Processor Information for the first 16 processors :
  Max Mhz: 1801, Current Mhz: 1440, Mhz Limit: 1801

Memory: 4k page, system-wide physical 5989M (683M free)
TotalPageFile size 24421M (AvailPageFile size 43M)
current process WorkingSet (physical memory assigned to process): 554M, peak: 601M
current process commit charge ("private bytes"): 700M, peak: 1691M

vm_info: OpenJDK 64-Bit Server VM (21.0.11+10-LTS) for windows-amd64 JRE (21.0.11+10-LTS), built on 2026-04-21T00:00:00Z by "admin" with MS VC++ 17.12 (VS2022)

END.
